stm32f4xx_ll_fmc.c:151:20:FMC_NORSRAM_Init	32	static
stm32f4xx_ll_fmc.c:263:19:FMC_NORSRAM_DeInit	4	static
stm32f4xx_ll_fmc.c:299:19:FMC_NORSRAM_Timing_Init	12	static
stm32f4xx_ll_fmc.c:352:20:FMC_NORSRAM_Extended_Timing_Init	12	static
stm32f4xx_ll_fmc.c:417:19:FMC_NORSRAM_WriteOperation_Enable	0	static
stm32f4xx_ll_fmc.c:435:19:FMC_NORSRAM_WriteOperation_Disable	0	static
stm32f4xx_ll_fmc.c:505:19:FMC_NAND_Init	8	static
stm32f4xx_ll_fmc.c:550:19:FMC_NAND_CommonSpace_Timing_Init	8	static
stm32f4xx_ll_fmc.c:591:19:FMC_NAND_AttributeSpace_Timing_Init	8	static
stm32f4xx_ll_fmc.c:629:19:FMC_NAND_DeInit	8	static
stm32f4xx_ll_fmc.c:675:19:FMC_NAND_ECC_Enable	0	static
stm32f4xx_ll_fmc.c:694:19:FMC_NAND_ECC_Disable	0	static
stm32f4xx_ll_fmc.c:714:19:FMC_NAND_GetECC	24	static
stm32f4xx_ll_fmc.c:1354:19:FMC_SDRAM_Init	24	static
stm32f4xx_ll_fmc.c:1435:19:FMC_SDRAM_Timing_Init	24	static
stm32f4xx_ll_fmc.c:1504:19:FMC_SDRAM_DeInit	8	static
stm32f4xx_ll_fmc.c:1544:19:FMC_SDRAM_WriteProtection_Enable	0	static
stm32f4xx_ll_fmc.c:1561:19:FMC_SDRAM_WriteProtection_Disable	0	static
stm32f4xx_ll_fmc.c:1581:19:FMC_SDRAM_SendCommand	24	static
stm32f4xx_ll_fmc.c:1627:19:FMC_SDRAM_ProgramRefreshRate	0	static
stm32f4xx_ll_fmc.c:1645:19:FMC_SDRAM_SetAutoRefreshNumber	0	static
stm32f4xx_ll_fmc.c:1666:10:FMC_SDRAM_GetModeStatus	0	static
