stm32f4xx_hal_qspi.c:2129:13:QSPI_DMARxCplt	0	static
stm32f4xx_hal_qspi.c:2143:13:QSPI_DMATxCplt	0	static
stm32f4xx_hal_qspi.c:2276:13:QSPI_Config	32	static
stm32f4xx_hal_qspi.c:2181:13:QSPI_DMAError	8	static
stm32f4xx_hal_qspi.c:367:14:HAL_QSPI_MspInit	0	static
stm32f4xx_hal_qspi.c:254:19:HAL_QSPI_Init	24	static
stm32f4xx_hal_qspi.c:382:14:HAL_QSPI_MspDeInit	0	static
stm32f4xx_hal_qspi.c:333:19:HAL_QSPI_DeInit	8	static
stm32f4xx_hal_qspi.c:644:19:HAL_QSPI_Command	24	static
stm32f4xx_hal_qspi.c:734:19:HAL_QSPI_Command_IT	48	static
stm32f4xx_hal_qspi.c:1013:19:HAL_QSPI_Transmit_IT	4	static
stm32f4xx_hal_qspi.c:1073:19:HAL_QSPI_Receive_IT	8	static
stm32f4xx_hal_qspi.c:1141:19:HAL_QSPI_Transmit_DMA	24	static
stm32f4xx_hal_qspi.c:1297:19:HAL_QSPI_Receive_DMA	24	static
stm32f4xx_hal_qspi.c:1480:19:HAL_QSPI_AutoPolling	24	static
stm32f4xx_hal_qspi.c:1580:19:HAL_QSPI_AutoPolling_IT	32	static
stm32f4xx_hal_qspi.c:1694:19:HAL_QSPI_MemoryMapped	24	static
stm32f4xx_hal_qspi.c:1780:13:HAL_QSPI_ErrorCallback	0	static
stm32f4xx_hal_qspi.c:2205:13:QSPI_DMAAbortCplt	8	static
stm32f4xx_hal_qspi.c:1795:13:HAL_QSPI_AbortCpltCallback	0	static
stm32f4xx_hal_qspi.c:1810:13:HAL_QSPI_CmdCpltCallback	0	static
stm32f4xx_hal_qspi.c:1825:13:HAL_QSPI_RxCpltCallback	0	static
stm32f4xx_hal_qspi.c:1840:14:HAL_QSPI_TxCpltCallback	0	static
stm32f4xx_hal_qspi.c:1855:13:HAL_QSPI_RxHalfCpltCallback	0	static
stm32f4xx_hal_qspi.c:2157:13:QSPI_DMARxHalfCplt	8	static
stm32f4xx_hal_qspi.c:1870:14:HAL_QSPI_TxHalfCpltCallback	0	static
stm32f4xx_hal_qspi.c:2169:13:QSPI_DMATxHalfCplt	8	static
stm32f4xx_hal_qspi.c:1885:13:HAL_QSPI_FifoThresholdCallback	0	static
stm32f4xx_hal_qspi.c:1900:13:HAL_QSPI_StatusMatchCallback	0	static
stm32f4xx_hal_qspi.c:1915:13:HAL_QSPI_TimeOutCallback	0	static
stm32f4xx_hal_qspi.c:421:6:HAL_QSPI_IRQHandler	16	static
stm32f4xx_hal_qspi.c:1951:23:HAL_QSPI_GetState	0	static
stm32f4xx_hal_qspi.c:1962:10:HAL_QSPI_GetError	0	static
stm32f4xx_hal_qspi.c:1972:19:HAL_QSPI_Abort	16	static
stm32f4xx_hal_qspi.c:844:19:HAL_QSPI_Transmit	24	static
stm32f4xx_hal_qspi.c:928:19:HAL_QSPI_Receive	24	static
stm32f4xx_hal_qspi.c:2025:19:HAL_QSPI_Abort_IT	8	static
stm32f4xx_hal_qspi.c:2071:6:HAL_QSPI_SetTimeout	0	static
stm32f4xx_hal_qspi.c:2081:19:HAL_QSPI_SetFifoThreshold	4	static,ignoring_inline_asm
stm32f4xx_hal_qspi.c:2113:10:HAL_QSPI_GetFifoThreshold	0	static,ignoring_inline_asm
