stm32f4xx_hal_mmc.c:2213:13:MMC_DMATransmitCplt	0	static
stm32f4xx_hal_mmc.c:440:13:HAL_MMC_MspInit	0	static
stm32f4xx_hal_mmc.c:455:13:HAL_MMC_MspDeInit	0	static
stm32f4xx_hal_mmc.c:409:19:HAL_MMC_DeInit	8	static
stm32f4xx_hal_mmc.c:496:19:HAL_MMC_ReadBlocks	56	static
stm32f4xx_hal_mmc.c:684:19:HAL_MMC_WriteBlocks	48	static
stm32f4xx_hal_mmc.c:858:19:HAL_MMC_ReadBlocks_IT	48	static
stm32f4xx_hal_mmc.c:960:19:HAL_MMC_WriteBlocks_IT	48	static
stm32f4xx_hal_mmc.c:1063:19:HAL_MMC_ReadBlocks_DMA	56	static
stm32f4xx_hal_mmc.c:1181:19:HAL_MMC_WriteBlocks_DMA	48	static
stm32f4xx_hal_mmc.c:1296:19:HAL_MMC_Erase	24	static
stm32f4xx_hal_mmc.c:1614:22:HAL_MMC_GetState	0	static
stm32f4xx_hal_mmc.c:1625:10:HAL_MMC_GetError	0	static
stm32f4xx_hal_mmc.c:1635:14:HAL_MMC_TxCpltCallback	0	static
stm32f4xx_hal_mmc.c:1650:13:HAL_MMC_RxCpltCallback	0	static
stm32f4xx_hal_mmc.c:1665:13:HAL_MMC_ErrorCallback	0	static
stm32f4xx_hal_mmc.c:2226:13:MMC_DMAReceiveCplt	16	static
stm32f4xx_hal_mmc.c:2259:13:MMC_DMAError	8	static
stm32f4xx_hal_mmc.c:1680:13:HAL_MMC_AbortCallback	0	static
stm32f4xx_hal_mmc.c:2291:13:MMC_DMATxAbort	16	static
stm32f4xx_hal_mmc.c:2328:13:MMC_DMARxAbort	16	static
stm32f4xx_hal_mmc.c:1392:6:HAL_MMC_IRQHandler	16	static
stm32f4xx_hal_mmc.c:1718:19:HAL_MMC_GetCardCID	8	static
stm32f4xx_hal_mmc.c:1799:19:HAL_MMC_GetCardCSD	16	static
stm32f4xx_hal_mmc.c:354:19:HAL_MMC_InitCard	120	static
stm32f4xx_hal_mmc.c:305:19:HAL_MMC_Init	8	static
stm32f4xx_hal_mmc.c:1913:19:HAL_MMC_GetCardInfo	12	static
stm32f4xx_hal_mmc.c:1937:19:HAL_MMC_ConfigWideBusOperation	72	static
stm32f4xx_hal_mmc.c:2067:26:HAL_MMC_GetCardState	8	static
stm32f4xx_hal_mmc.c:2090:19:HAL_MMC_Abort	8	static
stm32f4xx_hal_mmc.c:2137:19:HAL_MMC_Abort_IT	16	static
