stm32f4xx_hal_eth.c:1602:13:ETH_MACDMAConfig	16	static
stm32f4xx_hal_eth.c:479:19:HAL_ETH_DMATxDescListInit	24	static
stm32f4xx_hal_eth.c:546:19:HAL_ETH_DMARxDescListInit	24	static
stm32f4xx_hal_eth.c:613:13:HAL_ETH_MspInit	0	static
stm32f4xx_hal_eth.c:180:19:HAL_ETH_Init	40	static
stm32f4xx_hal_eth.c:628:13:HAL_ETH_MspDeInit	0	static
stm32f4xx_hal_eth.c:452:19:HAL_ETH_DeInit	8	static
stm32f4xx_hal_eth.c:671:19:HAL_ETH_TransmitFrame	16	static
stm32f4xx_hal_eth.c:784:19:HAL_ETH_GetReceivedFrame	8	static
stm32f4xx_hal_eth.c:864:19:HAL_ETH_GetReceivedFrame_IT	4	static
stm32f4xx_hal_eth.c:1009:13:HAL_ETH_TxCpltCallback	0	static
stm32f4xx_hal_eth.c:1024:13:HAL_ETH_RxCpltCallback	0	static
stm32f4xx_hal_eth.c:1039:13:HAL_ETH_ErrorCallback	0	static
stm32f4xx_hal_eth.c:949:6:HAL_ETH_IRQHandler	16	static
stm32f4xx_hal_eth.c:1060:19:HAL_ETH_ReadPHYRegister	16	static
stm32f4xx_hal_eth.c:1132:19:HAL_ETH_WritePHYRegister	16	static
stm32f4xx_hal_eth.c:1224:19:HAL_ETH_Start	40	static,ignoring_inline_asm
stm32f4xx_hal_eth.c:1263:19:HAL_ETH_Stop	40	static,ignoring_inline_asm
stm32f4xx_hal_eth.c:1303:19:HAL_ETH_ConfigMAC	24	static
stm32f4xx_hal_eth.c:1470:19:HAL_ETH_ConfigDMA	24	static
stm32f4xx_hal_eth.c:1577:22:HAL_ETH_GetState	0	static
