stm32f4xx_hal_dsi.c:307:10:HAL_DSI_GetError	0	static
stm32f4xx_hal_dsi.c:321:19:HAL_DSI_ConfigErrorMonitor	4	static
stm32f4xx_hal_dsi.c:404:13:HAL_DSI_MspInit	0	static
stm32f4xx_hal_dsi.c:142:19:HAL_DSI_Init	24	static
stm32f4xx_hal_dsi.c:419:13:HAL_DSI_MspDeInit	0	static
stm32f4xx_hal_dsi.c:260:19:HAL_DSI_DeInit	8	static
stm32f4xx_hal_dsi.c:554:13:HAL_DSI_TearingEffectCallback	0	static
stm32f4xx_hal_dsi.c:569:13:HAL_DSI_EndOfRefreshCallback	0	static
stm32f4xx_hal_dsi.c:584:13:HAL_DSI_ErrorCallback	0	static
stm32f4xx_hal_dsi.c:451:6:HAL_DSI_IRQHandler	16	static
stm32f4xx_hal_dsi.c:616:19:HAL_DSI_SetGenericVCID	4	static
stm32f4xx_hal_dsi.c:639:19:HAL_DSI_ConfigVideoMode	20	static
stm32f4xx_hal_dsi.c:789:19:HAL_DSI_ConfigAdaptedCommandMode	16	static
stm32f4xx_hal_dsi.c:859:19:HAL_DSI_ConfigCommand	16	static
stm32f4xx_hal_dsi.c:922:19:HAL_DSI_ConfigFlowControl	4	static
stm32f4xx_hal_dsi.c:948:19:HAL_DSI_ConfigPhyTimer	16	static
stm32f4xx_hal_dsi.c:992:19:HAL_DSI_ConfigHostTimeouts	16	static
stm32f4xx_hal_dsi.c:1045:19:HAL_DSI_Start	4	static
stm32f4xx_hal_dsi.c:1068:19:HAL_DSI_Stop	4	static
stm32f4xx_hal_dsi.c:1091:19:HAL_DSI_Refresh	0	static
stm32f4xx_hal_dsi.c:1113:19:HAL_DSI_ColorMode	4	static
stm32f4xx_hal_dsi.c:1139:19:HAL_DSI_Shutdown	4	static
stm32f4xx_hal_dsi.c:1170:19:HAL_DSI_ShortWrite	32	static
stm32f4xx_hal_dsi.c:1227:19:HAL_DSI_LongWrite	32	static
stm32f4xx_hal_dsi.c:1313:19:HAL_DSI_Read	24	static
stm32f4xx_hal_dsi.c:1427:19:HAL_DSI_EnterULPMData	16	static
stm32f4xx_hal_dsi.c:1483:19:HAL_DSI_ExitULPMData	16	static
stm32f4xx_hal_dsi.c:1545:19:HAL_DSI_EnterULPM	16	static
stm32f4xx_hal_dsi.c:1610:19:HAL_DSI_ExitULPM	16	static
stm32f4xx_hal_dsi.c:1704:19:HAL_DSI_PatternGeneratorStart	4	static
stm32f4xx_hal_dsi.c:1728:19:HAL_DSI_PatternGeneratorStop	0	static
stm32f4xx_hal_dsi.c:1753:19:HAL_DSI_SetSlewRateAndDelayTuning	4	static
stm32f4xx_hal_dsi.c:1823:19:HAL_DSI_SetLowPowerRXFilter	4	static
stm32f4xx_hal_dsi.c:1846:19:HAL_DSI_SetSDD	4	static
stm32f4xx_hal_dsi.c:1875:19:HAL_DSI_SetLanePinsConfiguration	4	static
stm32f4xx_hal_dsi.c:1947:19:HAL_DSI_SetPHYTimings	4	static
stm32f4xx_hal_dsi.c:2094:19:HAL_DSI_ForceTXStopMode	0	static
stm32f4xx_hal_dsi.c:2129:19:HAL_DSI_ForceRXLowPower	4	static
stm32f4xx_hal_dsi.c:2154:19:HAL_DSI_ForceDataLanesInRX	4	static
stm32f4xx_hal_dsi.c:2179:19:HAL_DSI_SetPullDown	4	static
stm32f4xx_hal_dsi.c:2204:19:HAL_DSI_SetContentionDetectionOff	4	static
stm32f4xx_hal_dsi.c:2248:22:HAL_DSI_GetState	0	static
