stm32469i_discovery_lcd.c:1499:13:FillTriangle	112	static
stm32469i_discovery_lcd.c:403:6:BSP_LCD_Reset	40	static
stm32469i_discovery_lcd.c:438:10:BSP_LCD_GetXSize	0	static
stm32469i_discovery_lcd.c:447:10:BSP_LCD_GetYSize	0	static
stm32469i_discovery_lcd.c:456:6:BSP_LCD_SetXSize	0	static
stm32469i_discovery_lcd.c:465:6:BSP_LCD_SetYSize	0	static
stm32469i_discovery_lcd.c:476:6:BSP_LCD_LayerDefaultInit	72	static
stm32469i_discovery_lcd.c:509:6:BSP_LCD_SelectLayer	0	static
stm32469i_discovery_lcd.c:522:6:BSP_LCD_SetLayerVisible	0	static
stm32469i_discovery_lcd.c:542:6:BSP_LCD_SetTransparency	0	static
stm32469i_discovery_lcd.c:554:6:BSP_LCD_SetLayerAddress	0	static
stm32469i_discovery_lcd.c:569:6:BSP_LCD_SetLayerWindow	24	static
stm32469i_discovery_lcd.c:584:6:BSP_LCD_SetColorKeying	16	static
stm32469i_discovery_lcd.c:595:6:BSP_LCD_ResetColorKeying	0	static
stm32469i_discovery_lcd.c:605:6:BSP_LCD_SetTextColor	0	static
stm32469i_discovery_lcd.c:614:10:BSP_LCD_GetTextColor	0	static
stm32469i_discovery_lcd.c:623:6:BSP_LCD_SetBackColor	0	static
stm32469i_discovery_lcd.c:632:10:BSP_LCD_GetBackColor	0	static
stm32469i_discovery_lcd.c:641:6:BSP_LCD_SetFont	0	static
stm32469i_discovery_lcd.c:650:8:BSP_LCD_GetFont	0	static
stm32469i_discovery_lcd.c:661:10:BSP_LCD_ReadPixel	8	static
stm32469i_discovery_lcd.c:695:6:BSP_LCD_Clear	40	static
stm32469i_discovery_lcd.c:705:6:BSP_LCD_ClearStringLine	56	static
stm32469i_discovery_lcd.c:724:6:BSP_LCD_DisplayChar	64	static
stm32469i_discovery_lcd.c:741:6:BSP_LCD_DisplayStringAt	32	static
stm32469i_discovery_lcd.c:803:6:BSP_LCD_DisplayStringAtLine	32	static
stm32469i_discovery_lcd.c:814:6:BSP_LCD_DrawHLine	48	static
stm32469i_discovery_lcd.c:831:6:BSP_LCD_DrawVLine	48	static
stm32469i_discovery_lcd.c:849:6:BSP_LCD_DrawLine	56	static
stm32469i_discovery_lcd.c:923:6:BSP_LCD_DrawRect	64	static
stm32469i_discovery_lcd.c:940:6:BSP_LCD_DrawCircle	64	static
stm32469i_discovery_lcd.c:986:6:BSP_LCD_DrawPolygon	72	static
stm32469i_discovery_lcd.c:1013:6:BSP_LCD_DrawEllipse	48	static
stm32469i_discovery_lcd.c:1045:6:BSP_LCD_DrawBitmap	56	static
stm32469i_discovery_lcd.c:1105:6:BSP_LCD_FillRect	56	static
stm32469i_discovery_lcd.c:1125:6:BSP_LCD_FillCircle	80	static
stm32469i_discovery_lcd.c:1172:6:BSP_LCD_FillPolygon	56	static
stm32469i_discovery_lcd.c:1239:6:BSP_LCD_FillEllipse	88	static
stm32469i_discovery_lcd.c:1269:6:BSP_LCD_DisplayOn	16	static
stm32469i_discovery_lcd.c:1284:6:BSP_LCD_DisplayOff	16	static
stm32469i_discovery_lcd.c:1302:6:DSI_IO_WriteCmd	16	static
stm32469i_discovery_lcd.c:1321:13:BSP_LCD_DMA2D_IRQHandler	0	static
stm32469i_discovery_lcd.c:1330:13:BSP_LCD_DSI_IRQHandler	0	static
stm32469i_discovery_lcd.c:1340:13:BSP_LCD_LTDC_IRQHandler	0	static
stm32469i_discovery_lcd.c:1349:13:BSP_LCD_MspDeInit	8	static
stm32469i_discovery_lcd.c:1375:13:BSP_LCD_MspInit	24	static
stm32469i_discovery_lcd.c:197:9:BSP_LCD_InitEx	88	static
stm32469i_discovery_lcd.c:183:9:BSP_LCD_Init	0	static
stm32469i_discovery_lcd.c:1416:13:BSP_LCD_LTDC_ER_IRQHandler	0	static
stm32469i_discovery_lcd.c:1428:6:BSP_LCD_DrawPixel	12	static
