stm32469i_discovery_audio.c:292:9:BSP_AUDIO_OUT_Play	16	static
stm32469i_discovery_audio.c:319:6:BSP_AUDIO_OUT_ChangeBuffer	0	static
stm32469i_discovery_audio.c:332:9:BSP_AUDIO_OUT_Pause	8	static
stm32469i_discovery_audio.c:363:9:BSP_AUDIO_OUT_Resume	8	static
stm32469i_discovery_audio.c:395:9:BSP_AUDIO_OUT_Stop	8	static
stm32469i_discovery_audio.c:429:9:BSP_AUDIO_OUT_SetVolume	8	static
stm32469i_discovery_audio.c:449:9:BSP_AUDIO_OUT_SetMute	8	static
stm32469i_discovery_audio.c:470:9:BSP_AUDIO_OUT_SetOutputMode	8	static
stm32469i_discovery_audio.c:513:6:BSP_AUDIO_OUT_ChangeAudioConfig	16	static
stm32469i_discovery_audio.c:573:6:BSP_AUDIO_OUT_SetAudioFrameSlot	8	static
stm32469i_discovery_audio.c:633:13:BSP_AUDIO_OUT_TransferComplete_CallBack	0	static
stm32469i_discovery_audio.c:603:6:HAL_SAI_TxCpltCallback	8	static
stm32469i_discovery_audio.c:640:13:BSP_AUDIO_OUT_HalfTransfer_CallBack	0	static
stm32469i_discovery_audio.c:614:6:HAL_SAI_TxHalfCpltCallback	8	static
stm32469i_discovery_audio.c:647:13:BSP_AUDIO_OUT_Error_CallBack	0	static
stm32469i_discovery_audio.c:625:6:HAL_SAI_ErrorCallback	8	static
stm32469i_discovery_audio.c:656:13:BSP_AUDIO_OUT_MspInit	72	static
stm32469i_discovery_audio.c:734:13:BSP_AUDIO_OUT_MspDeInit	8	static
stm32469i_discovery_audio.c:589:6:BSP_AUDIO_OUT_DeInit	8	static
stm32469i_discovery_audio.c:780:13:BSP_AUDIO_OUT_ClockConfig	72	static
stm32469i_discovery_audio.c:232:9:BSP_AUDIO_OUT_Init	24	static
stm32469i_discovery_audio.c:490:6:BSP_AUDIO_OUT_SetFrequency	16	static
stm32469i_discovery_audio.c:956:9:BSP_AUDIO_IN_Record	8	static
stm32469i_discovery_audio.c:973:9:BSP_AUDIO_IN_Stop	8	static
stm32469i_discovery_audio.c:993:9:BSP_AUDIO_IN_Pause	8	static
stm32469i_discovery_audio.c:1006:9:BSP_AUDIO_IN_Resume	8	static
stm32469i_discovery_audio.c:1021:9:BSP_AUDIO_IN_SetVolume	0	static
stm32469i_discovery_audio.c:1047:9:BSP_AUDIO_IN_PDMToPCM	536	static
stm32469i_discovery_audio.c:1111:13:BSP_AUDIO_IN_ClockConfig	72	static
stm32469i_discovery_audio.c:1125:13:BSP_AUDIO_IN_TransferComplete_CallBack	0	static
stm32469i_discovery_audio.c:1076:6:HAL_I2S_RxCpltCallback	8	static
stm32469i_discovery_audio.c:1135:13:BSP_AUDIO_IN_HalfTransfer_CallBack	0	static
stm32469i_discovery_audio.c:1086:6:HAL_I2S_RxHalfCpltCallback	8	static
stm32469i_discovery_audio.c:1145:13:BSP_AUDIO_IN_Error_Callback	0	static
stm32469i_discovery_audio.c:1097:6:HAL_I2S_ErrorCallback	8	static
stm32469i_discovery_audio.c:1156:13:BSP_AUDIO_IN_MspInit	136	static
stm32469i_discovery_audio.c:925:9:BSP_AUDIO_IN_Init	48	static
stm32469i_discovery_audio.c:1235:13:BSP_AUDIO_IN_MspDeInit	8	static
stm32469i_discovery_audio.c:1033:6:BSP_AUDIO_IN_DeInit	16	static
