stm32469i_discovery.c:503:13:I2C2_Init.part.0	56	static
stm32469i_discovery.c:480:13:I2C1_Init.part.1	56	static
stm32469i_discovery.c:169:10:BSP_GetVersion	0	static
stm32469i_discovery.c:183:6:BSP_LED_Init	56	static
stm32469i_discovery.c:234:6:BSP_LED_DeInit	16	static
stm32469i_discovery.c:259:6:BSP_LED_On	0	static
stm32469i_discovery.c:277:6:BSP_LED_Off	0	static
stm32469i_discovery.c:294:6:BSP_LED_Toggle	0	static
stm32469i_discovery.c:314:6:BSP_PB_Init	40	static
stm32469i_discovery.c:356:6:BSP_PB_DeInit	8	static
stm32469i_discovery.c:374:10:BSP_PB_GetState	8	static
stm32469i_discovery.c:742:6:AUDIO_IO_Init	8	static
stm32469i_discovery.c:750:6:AUDIO_IO_DeInit	0	static
stm32469i_discovery.c:761:6:AUDIO_IO_Write	40	static
stm32469i_discovery.c:772:9:AUDIO_IO_Read	40	static
stm32469i_discovery.c:785:6:AUDIO_IO_Delay	0	static
stm32469i_discovery.c:795:6:EEPROM_IO_Init	8	static
stm32469i_discovery.c:808:19:EEPROM_IO_WriteData	24	static
stm32469i_discovery.c:821:19:EEPROM_IO_ReadData	24	static
stm32469i_discovery.c:833:19:EEPROM_IO_IsDeviceReady	0	static
stm32469i_discovery.c:844:6:TS_IO_Init	8	static
stm32469i_discovery.c:856:6:TS_IO_Write	40	static
stm32469i_discovery.c:868:9:TS_IO_Read	40	static
stm32469i_discovery.c:882:10:TS_IO_ReadMultiple	24	static
stm32469i_discovery.c:895:6:TS_IO_WriteMultiple	24	static
stm32469i_discovery.c:904:6:TS_IO_Delay	0	static
stm32469i_discovery.c:914:6:OTM8009A_IO_Delay	0	static
