stm32469i_discovery_sd.c:216:9:BSP_SD_ITConfig	32	static
stm32469i_discovery_sd.c:238:9:BSP_SD_IsDetected	16	static
stm32469i_discovery_sd.c:259:9:BSP_SD_ReadBlocks	16	static
stm32469i_discovery_sd.c:279:9:BSP_SD_WriteBlocks	16	static
stm32469i_discovery_sd.c:298:9:BSP_SD_ReadBlocks_DMA	8	static
stm32469i_discovery_sd.c:318:9:BSP_SD_WriteBlocks_DMA	8	static
stm32469i_discovery_sd.c:337:9:BSP_SD_Erase	8	static
stm32469i_discovery_sd.c:354:13:BSP_SD_MspInit	96	static
stm32469i_discovery_sd.c:453:13:BSP_SD_Detect_MspInit	40	static
stm32469i_discovery_sd.c:141:9:BSP_SD_Init	16	static
stm32469i_discovery_sd.c:472:13:BSP_SD_MspDeInit	8	static
stm32469i_discovery_sd.c:193:9:BSP_SD_DeInit	16	static
stm32469i_discovery_sd.c:509:9:BSP_SD_GetCardState	8	static
stm32469i_discovery_sd.c:520:6:BSP_SD_GetCardInfo	0	static
stm32469i_discovery_sd.c:560:13:BSP_SD_AbortCallback	0	static
stm32469i_discovery_sd.c:531:6:HAL_SD_AbortCallback	8	static
stm32469i_discovery_sd.c:569:13:BSP_SD_WriteCpltCallback	0	static
stm32469i_discovery_sd.c:541:6:HAL_SD_TxCpltCallback	8	static
stm32469i_discovery_sd.c:578:13:BSP_SD_ReadCpltCallback	0	static
stm32469i_discovery_sd.c:551:6:HAL_SD_RxCpltCallback	8	static
